+ PY=/home/avuhong/anaconda3/envs/vismatch/bin/python
+ export PYTHONNOUSERSITE=1
+ PYTHONNOUSERSITE=1
+ /home/avuhong/anaconda3/envs/vismatch/bin/python -m pip install --no-cache-dir torch torchvision --index-url https://download.pytorch.org/whl/cu130
Looking in indexes: https://download.pytorch.org/whl/cu130
Collecting torch
  Downloading torch-2.14.0%2Bcu130-cp310-cp310-manylinux_2_28_x86_64.whl.metadata (37 kB)
Collecting torchvision
  Downloading torchvision-0.29.0%2Bcu130-cp310-cp310-manylinux_2_28_x86_64.whl.metadata (5.7 kB)
Collecting filelock (from torch)
  Downloading filelock-3.32.3-py3-none-any.whl.metadata (2.0 kB)
Collecting typing-extensions>=4.10.0 (from torch)
  Downloading typing_extensions-4.16.0-py3-none-any.whl.metadata (3.3 kB)
Requirement already satisfied: setuptools>=77.0.3 in /home/avuhong/anaconda3/envs/vismatch/lib/python3.10/site-packages (from torch) (84.0.0)
Collecting sympy>=1.13.3 (from torch)
  Downloading sympy-1.14.0-py3-none-any.whl.metadata (12 kB)
Collecting networkx>=2.5.1 (from torch)
  Downloading networkx-3.4.2-py3-none-any.whl.metadata (6.3 kB)
Collecting jinja2 (from torch)
  Downloading jinja2-3.1.6-py3-none-any.whl.metadata (2.9 kB)
Collecting fsspec>=0.8.5 (from torch)
  Downloading fsspec-2026.7.0-py3-none-any.whl.metadata (10 kB)
Collecting cuda-toolkit==13.0.3 (from cuda-toolkit[cublas,cudart,cufft,cufile,cupti,curand,cusolver,cusparse,nvjitlink,nvrtc,nvtx]==13.0.3; platform_system == "Linux"->torch)
  Downloading cuda_toolkit-13.0.3.0-py2.py3-none-any.whl (2.5 kB)
Collecting cuda-bindings<14,>=13.0.3 (from torch)
  Downloading cuda_bindings-13.3.1-cp310-cp310-manylinux_2_24_x86_64.manylinux_2_28_x86_64.whl.metadata (2.5 kB)
Collecting nvidia-cudnn-cu13==9.24.0.43 (from torch)
  Downloading nvidia_cudnn_cu13-9.24.0.43-py3-none-manylinux_2_27_x86_64.whl (553.1 MB)
     ━━━━━━━━━━━━━━━━━━━━━━━━━━━━━━━━━━━━━━━━ 553.1/553.1 MB 116.7 MB/s  0:00:04
Collecting nvidia-cusparselt-cu13==0.8.1 (from torch)
  Downloading nvidia_cusparselt_cu13-0.8.1-py3-none-manylinux2014_x86_64.whl (170.1 MB)
     ━━━━━━━━━━━━━━━━━━━━━━━━━━━━━━━━━━━━━━━━ 170.1/170.1 MB 117.1 MB/s  0:00:01
Collecting nvidia-nccl-cu13==2.30.7 (from torch)
  Downloading nvidia_nccl_cu13-2.30.7-py3-none-manylinux_2_18_x86_64.whl (216.0 MB)
     ━━━━━━━━━━━━━━━━━━━━━━━━━━━━━━━━━━━━━━━━ 216.0/216.0 MB 117.2 MB/s  0:00:01
Collecting nvidia-nvshmem-cu13==3.4.5 (from torch)
  Downloading nvidia_nvshmem_cu13-3.4.5-py3-none-manylinux2014_x86_64.manylinux_2_17_x86_64.whl (60.4 MB)
     ━━━━━━━━━━━━━━━━━━━━━━━━━━━━━━━━━━━━━━━━ 60.4/60.4 MB 117.4 MB/s  0:00:00
Collecting triton~=3.8.0 (from torch)
  Downloading triton-3.8.0-cp310-cp310-manylinux_2_27_x86_64.manylinux_2_28_x86_64.whl.metadata (978 bytes)
Collecting nvidia-cusparse==12.6.3.3.* (from cuda-toolkit[cublas,cudart,cufft,cufile,cupti,curand,cusolver,cusparse,nvjitlink,nvrtc,nvtx]==13.0.3; platform_system == "Linux"->torch)
  Downloading nvidia_cusparse-12.6.3.3-py3-none-manylinux2014_x86_64.manylinux_2_17_x86_64.whl (145.9 MB)
     ━━━━━━━━━━━━━━━━━━━━━━━━━━━━━━━━━━━━━━━━ 145.9/145.9 MB 117.2 MB/s  0:00:01
Collecting nvidia-nvjitlink<14,>=13.0.88 (from cuda-toolkit[cublas,cudart,cufft,cufile,cupti,curand,cusolver,cusparse,nvjitlink,nvrtc,nvtx]==13.0.3; platform_system == "Linux"->torch)
  Downloading nvidia_nvjitlink-13.3.33-py3-none-manylinux2010_x86_64.manylinux_2_12_x86_64.whl (40.7 MB)
     ━━━━━━━━━━━━━━━━━━━━━━━━━━━━━━━━━━━━━━━━ 40.7/40.7 MB 117.1 MB/s  0:00:00
Collecting nvidia-cuda-runtime==13.0.96.* (from cuda-toolkit[cublas,cudart,cufft,cufile,cupti,curand,cusolver,cusparse,nvjitlink,nvrtc,nvtx]==13.0.3; platform_system == "Linux"->torch)
  Downloading nvidia_cuda_runtime-13.0.96-py3-none-manylinux2014_x86_64.manylinux_2_17_x86_64.whl (2.2 MB)
     ━━━━━━━━━━━━━━━━━━━━━━━━━━━━━━━━━━━━━━━━ 2.2/2.2 MB 121.0 MB/s  0:00:00
Collecting nvidia-curand==10.4.0.35.* (from cuda-toolkit[cublas,cudart,cufft,cufile,cupti,curand,cusolver,cusparse,nvjitlink,nvrtc,nvtx]==13.0.3; platform_system == "Linux"->torch)
  Downloading nvidia_curand-10.4.0.35-py3-none-manylinux_2_27_x86_64.whl (59.5 MB)
     ━━━━━━━━━━━━━━━━━━━━━━━━━━━━━━━━━━━━━━━━ 59.5/59.5 MB 117.2 MB/s  0:00:00
Collecting nvidia-cuda-nvrtc==13.0.88.* (from cuda-toolkit[cublas,cudart,cufft,cufile,cupti,curand,cusolver,cusparse,nvjitlink,nvrtc,nvtx]==13.0.3; platform_system == "Linux"->torch)
  Downloading nvidia_cuda_nvrtc-13.0.88-py3-none-manylinux2010_x86_64.manylinux_2_12_x86_64.whl (90.2 MB)
     ━━━━━━━━━━━━━━━━━━━━━━━━━━━━━━━━━━━━━━━━ 90.2/90.2 MB 117.0 MB/s  0:00:00
Collecting nvidia-cufft==12.0.0.61.* (from cuda-toolkit[cublas,cudart,cufft,cufile,cupti,curand,cusolver,cusparse,nvjitlink,nvrtc,nvtx]==13.0.3; platform_system == "Linux"->torch)
  Downloading nvidia_cufft-12.0.0.61-py3-none-manylinux2014_x86_64.manylinux_2_17_x86_64.whl (214.1 MB)
     ━━━━━━━━━━━━━━━━━━━━━━━━━━━━━━━━━━━━━━━━ 214.1/214.1 MB 116.7 MB/s  0:00:01
Collecting nvidia-cufile==1.15.1.6.* (from cuda-toolkit[cublas,cudart,cufft,cufile,cupti,curand,cusolver,cusparse,nvjitlink,nvrtc,nvtx]==13.0.3; platform_system == "Linux"->torch)
  Downloading nvidia_cufile-1.15.1.6-py3-none-manylinux2014_x86_64.manylinux_2_17_x86_64.whl (1.2 MB)
     ━━━━━━━━━━━━━━━━━━━━━━━━━━━━━━━━━━━━━━━━ 1.2/1.2 MB 171.0 MB/s  0:00:00
Collecting nvidia-cuda-cupti==13.0.85.* (from cuda-toolkit[cublas,cudart,cufft,cufile,cupti,curand,cusolver,cusparse,nvjitlink,nvrtc,nvtx]==13.0.3; platform_system == "Linux"->torch)
  Downloading nvidia_cuda_cupti-13.0.85-py3-none-manylinux_2_25_x86_64.whl (10.7 MB)
     ━━━━━━━━━━━━━━━━━━━━━━━━━━━━━━━━━━━━━━━━ 10.7/10.7 MB 119.8 MB/s  0:00:00
Collecting nvidia-cublas==13.1.1.3.* (from cuda-toolkit[cublas,cudart,cufft,cufile,cupti,curand,cusolver,cusparse,nvjitlink,nvrtc,nvtx]==13.0.3; platform_system == "Linux"->torch)
  Downloading nvidia_cublas-13.1.1.3-py3-none-manylinux_2_27_x86_64.whl (423.1 MB)
     ━━━━━━━━━━━━━━━━━━━━━━━━━━━━━━━━━━━━━━━━ 423.1/423.1 MB 115.8 MB/s  0:00:03
Collecting nvidia-cusolver==12.0.4.66.* (from cuda-toolkit[cublas,cudart,cufft,cufile,cupti,curand,cusolver,cusparse,nvjitlink,nvrtc,nvtx]==13.0.3; platform_system == "Linux"->torch)
  Downloading nvidia_cusolver-12.0.4.66-py3-none-manylinux_2_27_x86_64.whl (200.9 MB)
     ━━━━━━━━━━━━━━━━━━━━━━━━━━━━━━━━━━━━━━━━ 200.9/200.9 MB 104.0 MB/s  0:00:01
Collecting nvidia-nvtx==13.0.85.* (from cuda-toolkit[cublas,cudart,cufft,cufile,cupti,curand,cusolver,cusparse,nvjitlink,nvrtc,nvtx]==13.0.3; platform_system == "Linux"->torch)
  Downloading nvidia_nvtx-13.0.85-py3-none-manylinux1_x86_64.manylinux_2_5_x86_64.whl (148 kB)
Collecting cuda-pathfinder>=1.4.2 (from cuda-bindings<14,>=13.0.3->torch)
  Downloading cuda_pathfinder-1.6.0-py3-none-any.whl.metadata (1.9 kB)
Collecting numpy (from torchvision)
  Downloading numpy-2.2.6-cp310-cp310-manylinux_2_17_x86_64.manylinux2014_x86_64.whl.metadata (62 kB)
Collecting pillow!=8.3.*,>=5.3.0 (from torchvision)
  Downloading pillow-12.3.0-cp310-cp310-manylinux_2_27_x86_64.manylinux_2_28_x86_64.whl.metadata (9.1 kB)
Collecting mpmath<1.4,>=1.1.0 (from sympy>=1.13.3->torch)
  Downloading mpmath-1.3.0-py3-none-any.whl.metadata (8.6 kB)
Collecting MarkupSafe>=2.0 (from jinja2->torch)
  Downloading markupsafe-3.0.3-cp310-cp310-manylinux2014_x86_64.manylinux_2_17_x86_64.manylinux_2_28_x86_64.whl.metadata (2.7 kB)
Downloading torch-2.14.0%2Bcu130-cp310-cp310-manylinux_2_28_x86_64.whl (554.6 MB)
   ━━━━━━━━━━━━━━━━━━━━━━━━━━━━━━━━━━━━━━━━ 554.6/554.6 MB 114.1 MB/s  0:00:04
Downloading cuda_bindings-13.3.1-cp310-cp310-manylinux_2_24_x86_64.manylinux_2_28_x86_64.whl (6.7 MB)
   ━━━━━━━━━━━━━━━━━━━━━━━━━━━━━━━━━━━━━━━━ 6.7/6.7 MB 81.7 MB/s  0:00:00
Downloading triton-3.8.0-cp310-cp310-manylinux_2_27_x86_64.manylinux_2_28_x86_64.whl (246.7 MB)
   ━━━━━━━━━━━━━━━━━━━━━━━━━━━━━━━━━━━━━━━━ 246.7/246.7 MB 115.1 MB/s  0:00:02
Downloading torchvision-0.29.0%2Bcu130-cp310-cp310-manylinux_2_28_x86_64.whl (7.4 MB)
   ━━━━━━━━━━━━━━━━━━━━━━━━━━━━━━━━━━━━━━━━ 7.4/7.4 MB 116.3 MB/s  0:00:00
Downloading cuda_pathfinder-1.6.0-py3-none-any.whl (54 kB)
Downloading fsspec-2026.7.0-py3-none-any.whl (206 kB)
Downloading networkx-3.4.2-py3-none-any.whl (1.7 MB)
   ━━━━━━━━━━━━━━━━━━━━━━━━━━━━━━━━━━━━━━━━ 1.7/1.7 MB 88.6 MB/s  0:00:00
Downloading pillow-12.3.0-cp310-cp310-manylinux_2_27_x86_64.manylinux_2_28_x86_64.whl (6.9 MB)
   ━━━━━━━━━━━━━━━━━━━━━━━━━━━━━━━━━━━━━━━━ 6.9/6.9 MB 83.4 MB/s  0:00:00
Downloading sympy-1.14.0-py3-none-any.whl (6.3 MB)
   ━━━━━━━━━━━━━━━━━━━━━━━━━━━━━━━━━━━━━━━━ 6.3/6.3 MB 83.1 MB/s  0:00:00
Downloading mpmath-1.3.0-py3-none-any.whl (536 kB)
   ━━━━━━━━━━━━━━━━━━━━━━━━━━━━━━━━━━━━━━━━ 536.2/536.2 kB 96.9 MB/s  0:00:00
Downloading typing_extensions-4.16.0-py3-none-any.whl (45 kB)
Downloading filelock-3.32.3-py3-none-any.whl (98 kB)
Downloading jinja2-3.1.6-py3-none-any.whl (134 kB)
Downloading markupsafe-3.0.3-cp310-cp310-manylinux2014_x86_64.manylinux_2_17_x86_64.manylinux_2_28_x86_64.whl (20 kB)
Downloading numpy-2.2.6-cp310-cp310-manylinux_2_17_x86_64.manylinux2014_x86_64.whl (16.8 MB)
   ━━━━━━━━━━━━━━━━━━━━━━━━━━━━━━━━━━━━━━━━ 16.8/16.8 MB 85.9 MB/s  0:00:00
Installing collected packages: nvidia-cusparselt-cu13, mpmath, cuda-toolkit, typing-extensions, triton, sympy, pillow, nvidia-nvtx, nvidia-nvshmem-cu13, nvidia-nvjitlink, nvidia-nccl-cu13, nvidia-curand, nvidia-cufile, nvidia-cuda-runtime, nvidia-cuda-nvrtc, nvidia-cuda-cupti, numpy, networkx, MarkupSafe, fsspec, filelock, cuda-pathfinder, nvidia-cusparse, nvidia-cufft, nvidia-cublas, jinja2, cuda-bindings, nvidia-cusolver, nvidia-cudnn-cu13, torch, torchvision

Successfully installed MarkupSafe-3.0.3 cuda-bindings-13.3.1 cuda-pathfinder-1.6.0 cuda-toolkit-13.0.3.0 filelock-3.32.3 fsspec-2026.7.0 jinja2-3.1.6 mpmath-1.3.0 networkx-3.4.2 numpy-2.2.6 nvidia-cublas-13.1.1.3 nvidia-cuda-cupti-13.0.85 nvidia-cuda-nvrtc-13.0.88 nvidia-cuda-runtime-13.0.96 nvidia-cudnn-cu13-9.24.0.43 nvidia-cufft-12.0.0.61 nvidia-cufile-1.15.1.6 nvidia-curand-10.4.0.35 nvidia-cusolver-12.0.4.66 nvidia-cusparse-12.6.3.3 nvidia-cusparselt-cu13-0.8.1 nvidia-nccl-cu13-2.30.7 nvidia-nvjitlink-13.3.33 nvidia-nvshmem-cu13-3.4.5 nvidia-nvtx-13.0.85 pillow-12.3.0 sympy-1.14.0 torch-2.14.0+cu130 torchvision-0.29.0+cu130 triton-3.8.0 typing-extensions-4.16.0
+ /home/avuhong/anaconda3/envs/vismatch/bin/python -m pip install --no-cache-dir vismatch dinov2 opencv-python-headless tqdm
Collecting vismatch
  Downloading vismatch-1.3.2-py3-none-any.whl.metadata (16 kB)
Collecting dinov2
  Downloading dinov2-0.0.1.dev2-py3-none-any.whl.metadata (11 kB)
Collecting opencv-python-headless
  Downloading opencv_python_headless-5.0.0.93-cp37-abi3-manylinux_2_28_x86_64.whl.metadata (19 kB)
Requirement already satisfied: tqdm in /home/avuhong/anaconda3/envs/vismatch/lib/python3.10/site-packages (4.70.1)
Requirement already satisfied: torch>=2.0 in /home/avuhong/anaconda3/envs/vismatch/lib/python3.10/site-packages (from vismatch) (2.14.0+cu130)
Requirement already satisfied: torchvision>=0.15 in /home/avuhong/anaconda3/envs/vismatch/lib/python3.10/site-packages (from vismatch) (0.29.0+cu130)
Collecting opencv-python>=4.5.4 (from vismatch)
  Downloading opencv_python-5.0.0.93-cp37-abi3-manylinux_2_28_x86_64.whl.metadata (19 kB)
Collecting matplotlib>=3.3 (from vismatch)
  Downloading matplotlib-3.10.9-cp310-cp310-manylinux2014_x86_64.manylinux_2_17_x86_64.whl.metadata (52 kB)
Collecting kornia<0.8.3,>=0.7.3 (from vismatch)
  Downloading kornia-0.8.2-py2.py3-none-any.whl.metadata (18 kB)
Collecting einops>=0.6.0 (from vismatch)
  Downloading einops-0.8.2-py3-none-any.whl.metadata (13 kB)
Collecting transforms3d>=0.4.0 (from vismatch)
  Downloading transforms3d-0.4.2-py3-none-any.whl.metadata (2.8 kB)
Collecting kornia_moons>=0.1 (from vismatch)
  Downloading kornia_moons-0.3.0-py3-none-any.whl.metadata (5.8 kB)
Collecting yacs>=0.1.8 (from vismatch)
  Downloading yacs-0.1.8-py3-none-any.whl.metadata (639 bytes)
Collecting gdown>=6.0.0 (from vismatch)
  Downloading gdown-6.2.0-py3-none-any.whl.metadata (9.9 kB)
Collecting huggingface_hub>=0.22.0 (from vismatch)
  Downloading huggingface_hub-1.31.0-py3-none-any.whl.metadata (16 kB)
Requirement already satisfied: packaging>=20.9 in /home/avuhong/anaconda3/envs/vismatch/lib/python3.10/site-packages (from vismatch) (26.3)
Collecting safetensors>=0.3.1 (from vismatch)
  Downloading safetensors-0.8.0-cp310-abi3-manylinux_2_17_x86_64.manylinux2014_x86_64.whl.metadata (4.2 kB)
Collecting imageio>=2.8 (from vismatch)
  Downloading imageio-2.37.4-py3-none-any.whl.metadata (9.6 kB)
Collecting tensorboard>=2.14 (from vismatch)
  Downloading tensorboard-2.21.0-py3-none-any.whl.metadata (1.8 kB)
Collecting scipy>=1.8 (from vismatch)
  Downloading scipy-1.15.3-cp310-cp310-manylinux_2_17_x86_64.manylinux2014_x86_64.whl.metadata (61 kB)
Collecting trimesh>=3.10 (from vismatch)
  Downloading trimesh-5.1.0-py3-none-any.whl.metadata (13 kB)
Collecting e2cnn>=0.2.3 (from vismatch)
  Downloading e2cnn-0.2.3-py3-none-any.whl.metadata (15 kB)
Collecting scikit-learn>=1.0.2 (from vismatch)
  Downloading scikit_learn-1.7.2-cp310-cp310-manylinux2014_x86_64.manylinux_2_17_x86_64.whl.metadata (11 kB)
Collecting scikit-image>=0.18 (from vismatch)
  Downloading scikit_image-0.25.2-cp310-cp310-manylinux_2_17_x86_64.manylinux2014_x86_64.whl.metadata (14 kB)
Collecting py3_wget>=0.3 (from vismatch)
  Downloading py3_wget-1.0.13-py3-none-any.whl.metadata (6.5 kB)
Collecting roma>=1.3 (from vismatch)
  Downloading roma-1.6.1-py3-none-any.whl.metadata (5.2 kB)
Collecting loguru>=0.6 (from vismatch)
  Downloading loguru-0.7.3-py3-none-any.whl.metadata (22 kB)
Collecting timm>=0.4.5 (from vismatch)
  Downloading timm-1.0.29-py3-none-any.whl.metadata (43 kB)
Collecting omegaconf>=2.3.0 (from vismatch)
  Downloading omegaconf-2.3.1-py3-none-any.whl.metadata (4.5 kB)
Collecting poselib>=2.0 (from vismatch)
  Downloading poselib-2.0.5-cp310-cp310-manylinux_2_27_x86_64.manylinux_2_28_x86_64.whl.metadata (25 kB)
Collecting lightning>=2.4 (from vismatch)
  Downloading lightning-2.6.6-py3-none-any.whl.metadata (45 kB)
Collecting flow_vis>=0.1 (from vismatch)
  Downloading flow_vis-0.1-py3-none-any.whl.metadata (731 bytes)
Collecting uniception==0.1.1 (from vismatch)
  Downloading uniception-0.1.1-py3-none-any.whl.metadata (8.3 kB)
Collecting h5py>=3.6 (from vismatch)
  Downloading h5py-3.16.0-cp310-cp310-manylinux_2_28_x86_64.whl.metadata (3.0 kB)
Requirement already satisfied: setuptools>=83 in /home/avuhong/anaconda3/envs/vismatch/lib/python3.10/site-packages (from vismatch) (84.0.0)
Requirement already satisfied: numpy in /home/avuhong/anaconda3/envs/vismatch/lib/python3.10/site-packages (from uniception==0.1.1->vismatch) (2.2.6)
Collecting torchaudio (from uniception==0.1.1->vismatch)
  Downloading torchaudio-2.11.0-cp310-cp310-manylinux_2_28_x86_64.whl.metadata (6.9 kB)
Collecting jaxtyping (from uniception==0.1.1->vismatch)
  Downloading jaxtyping-0.3.7-py3-none-any.whl.metadata (7.3 kB)
Requirement already satisfied: Pillow in /home/avuhong/anaconda3/envs/vismatch/lib/python3.10/site-packages (from uniception==0.1.1->vismatch) (12.3.0)
Collecting rerun-sdk (from uniception==0.1.1->vismatch)
  Downloading rerun_sdk-0.37.2-cp310-abi3-manylinux_2_28_x86_64.whl.metadata (6.7 kB)
Collecting minio (from uniception==0.1.1->vismatch)
  Downloading minio-7.2.20-py3-none-any.whl.metadata (6.5 kB)
Collecting kornia_rs>=0.1.9 (from kornia<0.8.3,>=0.7.3->vismatch)
  Downloading kornia_rs-0.1.14-cp310-cp310-manylinux_2_17_x86_64.manylinux2014_x86_64.whl.metadata (15 kB)
Collecting torch>=2.0 (from vismatch)
  Downloading torch-2.0.0-cp310-cp310-manylinux1_x86_64.whl.metadata (24 kB)
Collecting torchvision>=0.15 (from vismatch)
  Downloading torchvision-0.15.0-cp310-cp310-manylinux1_x86_64.whl.metadata (11 kB)
Collecting torchmetrics==0.10.3 (from dinov2)
  Downloading torchmetrics-0.10.3-py3-none-any.whl.metadata (15 kB)
Collecting fvcore (from dinov2)
  Downloading fvcore-0.1.5.post20221221.tar.gz (50 kB)
  Installing build dependencies: started
  Installing build dependencies: finished with status 'done'
  Getting requirements to build wheel: started
  Getting requirements to build wheel: finished with status 'done'
  Preparing metadata (pyproject.toml): started
  Preparing metadata (pyproject.toml): finished with status 'done'
Collecting iopath (from dinov2)
  Downloading iopath-0.1.10.tar.gz (42 kB)
  Installing build dependencies: started
  Installing build dependencies: finished with status 'done'
  Getting requirements to build wheel: started
  Getting requirements to build wheel: finished with status 'done'
  Preparing metadata (pyproject.toml): started
  Preparing metadata (pyproject.toml): finished with status 'done'
Collecting xformers==0.0.18 (from dinov2)
  Downloading xformers-0.0.18-cp310-cp310-manylinux2014_x86_64.whl.metadata (1.1 kB)
Collecting submitit (from dinov2)
  Downloading submitit-1.5.4-py3-none-any.whl.metadata (7.4 kB)
Collecting cuml-cu11 (from dinov2)
  Downloading cuml_cu11-25.6.0.tar.gz (2.5 kB)
  Installing build dependencies: started
  Installing build dependencies: finished with status 'done'
  Getting requirements to build wheel: started
  Getting requirements to build wheel: finished with status 'done'
  Preparing metadata (pyproject.toml): started
  Preparing metadata (pyproject.toml): finished with status 'done'
Requirement already satisfied: filelock in /home/avuhong/anaconda3/envs/vismatch/lib/python3.10/site-packages (from torch>=2.0->vismatch) (3.32.3)
Requirement already satisfied: typing-extensions in /home/avuhong/anaconda3/envs/vismatch/lib/python3.10/site-packages (from torch>=2.0->vismatch) (4.16.0)
Requirement already satisfied: sympy in /home/avuhong/anaconda3/envs/vismatch/lib/python3.10/site-packages (from torch>=2.0->vismatch) (1.14.0)
Requirement already satisfied: networkx in /home/avuhong/anaconda3/envs/vismatch/lib/python3.10/site-packages (from torch>=2.0->vismatch) (3.4.2)
Requirement already satisfied: jinja2 in /home/avuhong/anaconda3/envs/vismatch/lib/python3.10/site-packages (from torch>=2.0->vismatch) (3.1.6)
Collecting nvidia-cuda-nvrtc-cu11==11.7.99 (from torch>=2.0->vismatch)
  Downloading nvidia_cuda_nvrtc_cu11-11.7.99-2-py3-none-manylinux1_x86_64.whl.metadata (1.5 kB)
Collecting nvidia-cuda-runtime-cu11==11.7.99 (from torch>=2.0->vismatch)
  Downloading nvidia_cuda_runtime_cu11-11.7.99-py3-none-manylinux1_x86_64.whl.metadata (1.6 kB)
Collecting nvidia-cuda-cupti-cu11==11.7.101 (from torch>=2.0->vismatch)
  Downloading nvidia_cuda_cupti_cu11-11.7.101-py3-none-manylinux1_x86_64.whl.metadata (1.6 kB)
Collecting nvidia-cudnn-cu11==8.5.0.96 (from torch>=2.0->vismatch)
  Downloading nvidia_cudnn_cu11-8.5.0.96-2-py3-none-manylinux1_x86_64.whl.metadata (1.6 kB)
Collecting nvidia-cublas-cu11==11.10.3.66 (from torch>=2.0->vismatch)
  Downloading nvidia_cublas_cu11-11.10.3.66-py3-none-manylinux1_x86_64.whl.metadata (1.6 kB)
Collecting nvidia-cufft-cu11==10.9.0.58 (from torch>=2.0->vismatch)
  Downloading nvidia_cufft_cu11-10.9.0.58-py3-none-manylinux2014_x86_64.whl.metadata (1.5 kB)
Collecting nvidia-curand-cu11==10.2.10.91 (from torch>=2.0->vismatch)
  Downloading nvidia_curand_cu11-10.2.10.91-py3-none-manylinux1_x86_64.whl.metadata (1.6 kB)
Collecting nvidia-cusolver-cu11==11.4.0.1 (from torch>=2.0->vismatch)
  Downloading nvidia_cusolver_cu11-11.4.0.1-2-py3-none-manylinux1_x86_64.whl.metadata (1.6 kB)
Collecting nvidia-cusparse-cu11==11.7.4.91 (from torch>=2.0->vismatch)
  Downloading nvidia_cusparse_cu11-11.7.4.91-py3-none-manylinux1_x86_64.whl.metadata (1.6 kB)
Collecting nvidia-nccl-cu11==2.14.3 (from torch>=2.0->vismatch)
  Downloading nvidia_nccl_cu11-2.14.3-py3-none-manylinux1_x86_64.whl.metadata (1.8 kB)
Collecting nvidia-nvtx-cu11==11.7.91 (from torch>=2.0->vismatch)
  Downloading nvidia_nvtx_cu11-11.7.91-py3-none-manylinux1_x86_64.whl.metadata (1.7 kB)
Collecting triton==2.0.0 (from torch>=2.0->vismatch)
  Downloading triton-2.0.0-1-cp310-cp310-manylinux2014_x86_64.manylinux_2_17_x86_64.whl.metadata (1.0 kB)
Requirement already satisfied: wheel in /home/avuhong/anaconda3/envs/vismatch/lib/python3.10/site-packages (from nvidia-cublas-cu11==11.10.3.66->torch>=2.0->vismatch) (0.48.0)
Collecting requests (from torchvision>=0.15->vismatch)
  Downloading requests-2.34.2-py3-none-any.whl.metadata (4.8 kB)
INFO: pip is looking at multiple versions of torchvision to determine which version is compatible with other requirements. This could take a while.
Collecting dinov2
  Downloading dinov2-0.0.1.dev1-py3-none-any.whl.metadata (11 kB)
Requirement already satisfied: fsspec>=0.8.5 in /home/avuhong/anaconda3/envs/vismatch/lib/python3.10/site-packages (from torch>=2.0->vismatch) (2026.7.0)
Requirement already satisfied: cuda-toolkit==13.0.3 in /home/avuhong/anaconda3/envs/vismatch/lib/python3.10/site-packages (from cuda-toolkit[cublas,cudart,cufft,cufile,cupti,curand,cusolver,cusparse,nvjitlink,nvrtc,nvtx]==13.0.3; platform_system == "Linux"->torch>=2.0->vismatch) (13.0.3.0)
Requirement already satisfied: cuda-bindings<14,>=13.0.3 in /home/avuhong/anaconda3/envs/vismatch/lib/python3.10/site-packages (from torch>=2.0->vismatch) (13.3.1)
Requirement already satisfied: nvidia-cudnn-cu13==9.24.0.43 in /home/avuhong/anaconda3/envs/vismatch/lib/python3.10/site-packages (from torch>=2.0->vismatch) (9.24.0.43)
Requirement already satisfied: nvidia-cusparselt-cu13==0.8.1 in /home/avuhong/anaconda3/envs/vismatch/lib/python3.10/site-packages (from torch>=2.0->vismatch) (0.8.1)
Requirement already satisfied: nvidia-nccl-cu13==2.30.7 in /home/avuhong/anaconda3/envs/vismatch/lib/python3.10/site-packages (from torch>=2.0->vismatch) (2.30.7)
Requirement already satisfied: nvidia-nvshmem-cu13==3.4.5 in /home/avuhong/anaconda3/envs/vismatch/lib/python3.10/site-packages (from torch>=2.0->vismatch) (3.4.5)
Requirement already satisfied: triton~=3.8.0 in /home/avuhong/anaconda3/envs/vismatch/lib/python3.10/site-packages (from torch>=2.0->vismatch) (3.8.0)
  Downloading dinov2-0.0.1.dev0-py3-none-any.whl.metadata (363 bytes)
Requirement already satisfied: nvidia-nvjitlink<14,>=13.0.88 in /home/avuhong/anaconda3/envs/vismatch/lib/python3.10/site-packages (from cuda-toolkit[cublas,cudart,cufft,cufile,cupti,curand,cusolver,cusparse,nvjitlink,nvrtc,nvtx]==13.0.3; platform_system == "Linux"->torch>=2.0->vismatch) (13.3.33)
Requirement already satisfied: nvidia-cufile==1.15.1.6.* in /home/avuhong/anaconda3/envs/vismatch/lib/python3.10/site-packages (from cuda-toolkit[cublas,cudart,cufft,cufile,cupti,curand,cusolver,cusparse,nvjitlink,nvrtc,nvtx]==13.0.3; platform_system == "Linux"->torch>=2.0->vismatch) (1.15.1.6)
Requirement already satisfied: nvidia-cuda-runtime==13.0.96.* in /home/avuhong/anaconda3/envs/vismatch/lib/python3.10/site-packages (from cuda-toolkit[cublas,cudart,cufft,cufile,cupti,curand,cusolver,cusparse,nvjitlink,nvrtc,nvtx]==13.0.3; platform_system == "Linux"->torch>=2.0->vismatch) (13.0.96)
Requirement already satisfied: nvidia-nvtx==13.0.85.* in /home/avuhong/anaconda3/envs/vismatch/lib/python3.10/site-packages (from cuda-toolkit[cublas,cudart,cufft,cufile,cupti,curand,cusolver,cusparse,nvjitlink,nvrtc,nvtx]==13.0.3; platform_system == "Linux"->torch>=2.0->vismatch) (13.0.85)
Requirement already satisfied: nvidia-curand==10.4.0.35.* in /home/avuhong/anaconda3/envs/vismatch/lib/python3.10/site-packages (from cuda-toolkit[cublas,cudart,cufft,cufile,cupti,curand,cusolver,cusparse,nvjitlink,nvrtc,nvtx]==13.0.3; platform_system == "Linux"->torch>=2.0->vismatch) (10.4.0.35)
Requirement already satisfied: nvidia-cuda-cupti==13.0.85.* in /home/avuhong/anaconda3/envs/vismatch/lib/python3.10/site-packages (from cuda-toolkit[cublas,cudart,cufft,cufile,cupti,curand,cusolver,cusparse,nvjitlink,nvrtc,nvtx]==13.0.3; platform_system == "Linux"->torch>=2.0->vismatch) (13.0.85)
Requirement already satisfied: nvidia-cufft==12.0.0.61.* in /home/avuhong/anaconda3/envs/vismatch/lib/python3.10/site-packages (from cuda-toolkit[cublas,cudart,cufft,cufile,cupti,curand,cusolver,cusparse,nvjitlink,nvrtc,nvtx]==13.0.3; platform_system == "Linux"->torch>=2.0->vismatch) (12.0.0.61)
Requirement already satisfied: nvidia-cublas==13.1.1.3.* in /home/avuhong/anaconda3/envs/vismatch/lib/python3.10/site-packages (from cuda-toolkit[cublas,cudart,cufft,cufile,cupti,curand,cusolver,cusparse,nvjitlink,nvrtc,nvtx]==13.0.3; platform_system == "Linux"->torch>=2.0->vismatch) (13.1.1.3)
Requirement already satisfied: nvidia-cusolver==12.0.4.66.* in /home/avuhong/anaconda3/envs/vismatch/lib/python3.10/site-packages (from cuda-toolkit[cublas,cudart,cufft,cufile,cupti,curand,cusolver,cusparse,nvjitlink,nvrtc,nvtx]==13.0.3; platform_system == "Linux"->torch>=2.0->vismatch) (12.0.4.66)
Requirement already satisfied: nvidia-cusparse==12.6.3.3.* in /home/avuhong/anaconda3/envs/vismatch/lib/python3.10/site-packages (from cuda-toolkit[cublas,cudart,cufft,cufile,cupti,curand,cusolver,cusparse,nvjitlink,nvrtc,nvtx]==13.0.3; platform_system == "Linux"->torch>=2.0->vismatch) (12.6.3.3)
Requirement already satisfied: nvidia-cuda-nvrtc==13.0.88.* in /home/avuhong/anaconda3/envs/vismatch/lib/python3.10/site-packages (from cuda-toolkit[cublas,cudart,cufft,cufile,cupti,curand,cusolver,cusparse,nvjitlink,nvrtc,nvtx]==13.0.3; platform_system == "Linux"->torch>=2.0->vismatch) (13.0.88)
Requirement already satisfied: cuda-pathfinder>=1.4.2 in /home/avuhong/anaconda3/envs/vismatch/lib/python3.10/site-packages (from cuda-bindings<14,>=13.0.3->torch>=2.0->vismatch) (1.6.0)
Collecting beautifulsoup4 (from gdown>=6.0.0->vismatch)
  Downloading beautifulsoup4-4.15.0-py3-none-any.whl.metadata (3.8 kB)
Collecting click<9.0.0,>=8.4.2 (from huggingface_hub>=0.22.0->vismatch)
  Downloading click-8.5.0-py3-none-any.whl.metadata (2.6 kB)
Collecting hf-xet<2.0.0,>=1.5.2 (from huggingface_hub>=0.22.0->vismatch)
  Downloading hf_xet-1.6.0-cp38-abi3-manylinux2014_x86_64.manylinux_2_17_x86_64.whl.metadata (4.9 kB)
Collecting httpx<1,>=0.23.0 (from huggingface_hub>=0.22.0->vismatch)
  Downloading httpx-0.28.1-py3-none-any.whl.metadata (7.1 kB)
Collecting pyyaml>=5.1 (from huggingface_hub>=0.22.0->vismatch)
  Downloading pyyaml-6.0.3-cp310-cp310-manylinux2014_x86_64.manylinux_2_17_x86_64.manylinux_2_28_x86_64.whl.metadata (2.4 kB)
Collecting anyio (from httpx<1,>=0.23.0->huggingface_hub>=0.22.0->vismatch)
  Downloading anyio-4.15.1-py3-none-any.whl.metadata (4.7 kB)
Requirement already satisfied: certifi in /home/avuhong/anaconda3/envs/vismatch/lib/python3.10/site-packages (from httpx<1,>=0.23.0->huggingface_hub>=0.22.0->vismatch) (2026.7.22)
Collecting httpcore==1.* (from httpx<1,>=0.23.0->huggingface_hub>=0.22.0->vismatch)
  Downloading httpcore-1.0.9-py3-none-any.whl.metadata (21 kB)
Requirement already satisfied: idna in /home/avuhong/anaconda3/envs/vismatch/lib/python3.10/site-packages (from httpx<1,>=0.23.0->huggingface_hub>=0.22.0->vismatch) (3.19)
Collecting h11>=0.16 (from httpcore==1.*->httpx<1,>=0.23.0->huggingface_hub>=0.22.0->vismatch)
  Downloading h11-0.16.0-py3-none-any.whl.metadata (8.3 kB)
Collecting lightning-utilities<2.0,>=0.10.0 (from lightning>=2.4->vismatch)
  Downloading lightning_utilities-0.15.3-py3-none-any.whl.metadata (5.5 kB)
Collecting torchmetrics<3.0,>0.7.0 (from lightning>=2.4->vismatch)
  Downloading torchmetrics-1.9.0-py3-none-any.whl.metadata (23 kB)
Collecting pytorch-lightning (from lightning>=2.4->vismatch)
  Downloading pytorch_lightning-2.6.6-py3-none-any.whl.metadata (21 kB)
Collecting aiohttp!=4.0.0a0,!=4.0.0a1 (from fsspec[http]<2028.0,>=2022.5.0->lightning>=2.4->vismatch)
  Downloading aiohttp-3.14.3-cp310-cp310-manylinux2014_x86_64.manylinux_2_17_x86_64.manylinux_2_28_x86_64.whl.metadata (8.3 kB)
Collecting aiohappyeyeballs>=2.5.0 (from aiohttp!=4.0.0a0,!=4.0.0a1->fsspec[http]<2028.0,>=2022.5.0->lightning>=2.4->vismatch)
  Downloading aiohappyeyeballs-2.7.1-py3-none-any.whl.metadata (5.9 kB)
Collecting aiosignal>=1.4.0 (from aiohttp!=4.0.0a0,!=4.0.0a1->fsspec[http]<2028.0,>=2022.5.0->lightning>=2.4->vismatch)
  Downloading aiosignal-1.4.0-py3-none-any.whl.metadata (3.7 kB)
Collecting async-timeout<6.0,>=4.0 (from aiohttp!=4.0.0a0,!=4.0.0a1->fsspec[http]<2028.0,>=2022.5.0->lightning>=2.4->vismatch)
  Downloading async_timeout-5.0.1-py3-none-any.whl.metadata (5.1 kB)
Collecting attrs>=17.3.0 (from aiohttp!=4.0.0a0,!=4.0.0a1->fsspec[http]<2028.0,>=2022.5.0->lightning>=2.4->vismatch)
  Downloading attrs-26.1.0-py3-none-any.whl.metadata (8.8 kB)
Collecting frozenlist>=1.1.1 (from aiohttp!=4.0.0a0,!=4.0.0a1->fsspec[http]<2028.0,>=2022.5.0->lightning>=2.4->vismatch)
  Downloading frozenlist-1.8.0-cp310-cp310-manylinux1_x86_64.manylinux_2_28_x86_64.manylinux_2_5_x86_64.whl.metadata (20 kB)
Collecting multidict<7.0,>=4.5 (from aiohttp!=4.0.0a0,!=4.0.0a1->fsspec[http]<2028.0,>=2022.5.0->lightning>=2.4->vismatch)
  Downloading multidict-6.8.0-cp310-cp310-manylinux2014_x86_64.manylinux_2_17_x86_64.manylinux_2_28_x86_64.whl.metadata (5.3 kB)
Collecting propcache>=0.2.0 (from aiohttp!=4.0.0a0,!=4.0.0a1->fsspec[http]<2028.0,>=2022.5.0->lightning>=2.4->vismatch)
  Downloading propcache-0.5.2-cp310-cp310-manylinux2014_x86_64.manylinux_2_17_x86_64.manylinux_2_28_x86_64.whl.metadata (16 kB)
Collecting yarl<2.0,>=1.17.0 (from aiohttp!=4.0.0a0,!=4.0.0a1->fsspec[http]<2028.0,>=2022.5.0->lightning>=2.4->vismatch)
  Downloading yarl-1.24.5-cp310-cp310-manylinux2014_x86_64.manylinux_2_17_x86_64.manylinux_2_28_x86_64.whl.metadata (103 kB)
Collecting contourpy>=1.0.1 (from matplotlib>=3.3->vismatch)
  Downloading contourpy-1.3.2-cp310-cp310-manylinux_2_17_x86_64.manylinux2014_x86_64.whl.metadata (5.5 kB)
Collecting cycler>=0.10 (from matplotlib>=3.3->vismatch)
  Downloading cycler-0.12.1-py3-none-any.whl.metadata (3.8 kB)
Collecting fonttools>=4.22.0 (from matplotlib>=3.3->vismatch)
  Downloading fonttools-4.65.0-cp310-cp310-manylinux2014_x86_64.manylinux_2_17_x86_64.whl.metadata (125 kB)
Collecting kiwisolver>=1.3.1 (from matplotlib>=3.3->vismatch)
  Downloading kiwisolver-1.5.1-cp310-cp310-manylinux_2_12_x86_64.manylinux2010_x86_64.whl.metadata (5.2 kB)
Collecting pyparsing>=3 (from matplotlib>=3.3->vismatch)
  Downloading pyparsing-3.3.2-py3-none-any.whl.metadata (5.8 kB)
Collecting python-dateutil>=2.7 (from matplotlib>=3.3->vismatch)
  Downloading python_dateutil-2.9.0.post0-py2.py3-none-any.whl.metadata (8.4 kB)
Collecting antlr4-python3-runtime==4.9.* (from omegaconf>=2.3.0->vismatch)
  Downloading antlr4-python3-runtime-4.9.3.tar.gz (117 kB)
  Installing build dependencies: started
  Installing build dependencies: finished with status 'done'
  Getting requirements to build wheel: started
  Getting requirements to build wheel: finished with status 'done'
  Preparing metadata (pyproject.toml): started
  Preparing metadata (pyproject.toml): finished with status 'done'
Requirement already satisfied: six>=1.5 in /home/avuhong/anaconda3/envs/vismatch/lib/python3.10/site-packages (from python-dateutil>=2.7->matplotlib>=3.3->vismatch) (1.17.0)
Requirement already satisfied: tifffile>=2022.8.12 in /home/avuhong/anaconda3/envs/vismatch/lib/python3.10/site-packages (from scikit-image>=0.18->vismatch) (2025.5.10)
Collecting lazy-loader>=0.4 (from scikit-image>=0.18->vismatch)
  Downloading lazy_loader-0.5-py3-none-any.whl.metadata (5.9 kB)
Collecting joblib>=1.2.0 (from scikit-learn>=1.0.2->vismatch)
  Downloading joblib-1.6.0-py3-none-any.whl.metadata (6.5 kB)
Collecting threadpoolctl>=3.1.0 (from scikit-learn>=1.0.2->vismatch)
  Downloading threadpoolctl-3.6.0-py3-none-any.whl.metadata (13 kB)
Collecting cloudpickle>=3.0 (from joblib>=1.2.0->scikit-learn>=1.0.2->vismatch)
  Downloading cloudpickle-3.1.2-py3-none-any.whl.metadata (7.1 kB)
Requirement already satisfied: mpmath<1.4,>=1.1.0 in /home/avuhong/anaconda3/envs/vismatch/lib/python3.10/site-packages (from sympy->torch>=2.0->vismatch) (1.3.0)
Collecting absl-py>=0.4 (from tensorboard>=2.14->vismatch)
  Downloading absl_py-2.5.0-py3-none-any.whl.metadata (3.3 kB)
Collecting grpcio<2.0,>=1.74.0 (from tensorboard>=2.14->vismatch)
  Downloading grpcio-1.83.1-cp310-cp310-manylinux2014_x86_64.manylinux_2_17_x86_64.whl.metadata (3.7 kB)
Collecting markdown>=2.6.8 (from tensorboard>=2.14->vismatch)
  Downloading markdown-3.10.3-py3-none-any.whl.metadata (5.1 kB)
Collecting protobuf<8.0.0,>=6.31.1 (from tensorboard>=2.14->vismatch)
  Downloading protobuf-7.36.1-cp310-abi3-manylinux2014_x86_64.whl.metadata (595 bytes)
Collecting tensorboard-data-server<0.8.0,>=0.7.0 (from tensorboard>=2.14->vismatch)
  Downloading tensorboard_data_server-0.7.2-py3-none-manylinux_2_31_x86_64.whl.metadata (1.1 kB)
Collecting werkzeug>=1.0.1 (from tensorboard>=2.14->vismatch)
  Downloading werkzeug-3.1.8-py3-none-any.whl.metadata (4.0 kB)
Requirement already satisfied: markupsafe>=2.1.1 in /home/avuhong/anaconda3/envs/vismatch/lib/python3.10/site-packages (from werkzeug>=1.0.1->tensorboard>=2.14->vismatch) (3.0.3)
Collecting exceptiongroup>=1.0.2 (from anyio->httpx<1,>=0.23.0->huggingface_hub>=0.22.0->vismatch)
  Downloading exceptiongroup-1.3.1-py3-none-any.whl.metadata (6.7 kB)
Collecting soupsieve>=1.6.1 (from beautifulsoup4->gdown>=6.0.0->vismatch)
  Downloading soupsieve-2.9.2-py3-none-any.whl.metadata (4.6 kB)
Collecting wadler-lindig>=0.1.3 (from jaxtyping->uniception==0.1.1->vismatch)
  Downloading wadler_lindig-0.1.7-py3-none-any.whl.metadata (17 kB)
Collecting argon2-cffi (from minio->uniception==0.1.1->vismatch)
  Downloading argon2_cffi-25.1.0-py3-none-any.whl.metadata (4.1 kB)
Collecting pycryptodome (from minio->uniception==0.1.1->vismatch)
  Downloading pycryptodome-3.23.0-cp37-abi3-manylinux_2_17_x86_64.manylinux2014_x86_64.whl.metadata (3.4 kB)
Collecting urllib3 (from minio->uniception==0.1.1->vismatch)
  Downloading urllib3-2.7.0-py3-none-any.whl.metadata (6.9 kB)
Collecting argon2-cffi-bindings (from argon2-cffi->minio->uniception==0.1.1->vismatch)
  Downloading argon2_cffi_bindings-26.1.0-cp310-abi3-manylinux_2_26_x86_64.manylinux_2_28_x86_64.whl.metadata (7.5 kB)
Collecting cffi>=1.0.1 (from argon2-cffi-bindings->argon2-cffi->minio->uniception==0.1.1->vismatch)
  Downloading cffi-2.1.1-cp310-cp310-manylinux2014_x86_64.manylinux_2_17_x86_64.whl.metadata (2.5 kB)
Collecting pycparser (from cffi>=1.0.1->argon2-cffi-bindings->argon2-cffi->minio->uniception==0.1.1->vismatch)
  Downloading pycparser-3.0-py3-none-any.whl.metadata (8.2 kB)
Collecting charset_normalizer<4,>=2 (from requests[socks]->gdown>=6.0.0->vismatch)
  Downloading charset_normalizer-3.5.1-cp310-cp310-manylinux2014_x86_64.manylinux_2_17_x86_64.manylinux_2_28_x86_64.whl.metadata (45 kB)
Collecting PySocks!=1.5.7,>=1.5.6 (from requests[socks]->gdown>=6.0.0->vismatch)
  Downloading PySocks-1.7.1-py3-none-any.whl.metadata (13 kB)
Collecting psutil>=7.0 (from rerun-sdk->uniception==0.1.1->vismatch)
  Downloading psutil-7.2.2-cp36-abi3-manylinux2010_x86_64.manylinux_2_12_x86_64.manylinux_2_28_x86_64.whl.metadata (22 kB)
Collecting pyarrow>=18.0.0 (from rerun-sdk->uniception==0.1.1->vismatch)
  Downloading pyarrow-25.0.1-cp310-cp310-manylinux_2_28_x86_64.whl.metadata (3.0 kB)
Downloading vismatch-1.3.2-py3-none-any.whl (32.5 MB)
   ━━━━━━━━━━━━━━━━━━━━━━━━━━━━━━━━━━━━━━━━ 32.5/32.5 MB 94.9 MB/s  0:00:00
Downloading uniception-0.1.1-py3-none-any.whl (167 kB)
Downloading kornia-0.8.2-py2.py3-none-any.whl (1.1 MB)
   ━━━━━━━━━━━━━━━━━━━━━━━━━━━━━━━━━━━━━━━━ 1.1/1.1 MB 67.4 MB/s  0:00:00
Downloading dinov2-0.0.1.dev0-py3-none-any.whl (1.1 kB)
Downloading opencv_python_headless-5.0.0.93-cp37-abi3-manylinux_2_28_x86_64.whl (61.2 MB)
   ━━━━━━━━━━━━━━━━━━━━━━━━━━━━━━━━━━━━━━━━ 61.2/61.2 MB 71.8 MB/s  0:00:00
Downloading e2cnn-0.2.3-py3-none-any.whl (225 kB)
Downloading einops-0.8.2-py3-none-any.whl (65 kB)
Downloading flow_vis-0.1-py3-none-any.whl (4.4 kB)
Downloading gdown-6.2.0-py3-none-any.whl (44 kB)
Downloading h5py-3.16.0-cp310-cp310-manylinux_2_28_x86_64.whl (5.1 MB)
   ━━━━━━━━━━━━━━━━━━━━━━━━━━━━━━━━━━━━━━━━ 5.1/5.1 MB 74.3 MB/s  0:00:00
Downloading huggingface_hub-1.31.0-py3-none-any.whl (798 kB)
   ━━━━━━━━━━━━━━━━━━━━━━━━━━━━━━━━━━━━━━━━ 798.3/798.3 kB 60.0 MB/s  0:00:00
Downloading click-8.5.0-py3-none-any.whl (125 kB)
Downloading hf_xet-1.6.0-cp38-abi3-manylinux2014_x86_64.manylinux_2_17_x86_64.whl (4.5 MB)
   ━━━━━━━━━━━━━━━━━━━━━━━━━━━━━━━━━━━━━━━━ 4.5/4.5 MB 74.9 MB/s  0:00:00
Downloading httpx-0.28.1-py3-none-any.whl (73 kB)
Downloading httpcore-1.0.9-py3-none-any.whl (78 kB)
Downloading h11-0.16.0-py3-none-any.whl (37 kB)
Downloading imageio-2.37.4-py3-none-any.whl (318 kB)
Downloading kornia_moons-0.3.0-py3-none-any.whl (19 kB)
Downloading kornia_rs-0.1.14-cp310-cp310-manylinux_2_17_x86_64.manylinux2014_x86_64.whl (3.7 MB)
   ━━━━━━━━━━━━━━━━━━━━━━━━━━━━━━━━━━━━━━━━ 3.7/3.7 MB 73.6 MB/s  0:00:00
Downloading lightning-2.6.6-py3-none-any.whl (849 kB)
   ━━━━━━━━━━━━━━━━━━━━━━━━━━━━━━━━━━━━━━━━ 849.3/849.3 kB 64.9 MB/s  0:00:00
Downloading torchmetrics-1.9.0-py3-none-any.whl (983 kB)
   ━━━━━━━━━━━━━━━━━━━━━━━━━━━━━━━━━━━━━━━━ 983.4/983.4 kB 68.8 MB/s  0:00:00
Downloading lightning_utilities-0.15.3-py3-none-any.whl (31 kB)
Downloading pyyaml-6.0.3-cp310-cp310-manylinux2014_x86_64.manylinux_2_17_x86_64.manylinux_2_28_x86_64.whl (770 kB)
   ━━━━━━━━━━━━━━━━━━━━━━━━━━━━━━━━━━━━━━━━ 770.3/770.3 kB 60.6 MB/s  0:00:00
Downloading aiohttp-3.14.3-cp310-cp310-manylinux2014_x86_64.manylinux_2_17_x86_64.manylinux_2_28_x86_64.whl (1.7 MB)
   ━━━━━━━━━━━━━━━━━━━━━━━━━━━━━━━━━━━━━━━━ 1.7/1.7 MB 77.7 MB/s  0:00:00
Downloading async_timeout-5.0.1-py3-none-any.whl (6.2 kB)
Downloading multidict-6.8.0-cp310-cp310-manylinux2014_x86_64.manylinux_2_17_x86_64.manylinux_2_28_x86_64.whl (259 kB)
Downloading yarl-1.24.5-cp310-cp310-manylinux2014_x86_64.manylinux_2_17_x86_64.manylinux_2_28_x86_64.whl (110 kB)
Downloading aiohappyeyeballs-2.7.1-py3-none-any.whl (15 kB)
Downloading aiosignal-1.4.0-py3-none-any.whl (7.5 kB)
Downloading attrs-26.1.0-py3-none-any.whl (67 kB)
Downloading frozenlist-1.8.0-cp310-cp310-manylinux1_x86_64.manylinux_2_28_x86_64.manylinux_2_5_x86_64.whl (219 kB)
Downloading loguru-0.7.3-py3-none-any.whl (61 kB)
Downloading matplotlib-3.10.9-cp310-cp310-manylinux2014_x86_64.manylinux_2_17_x86_64.whl (8.8 MB)
   ━━━━━━━━━━━━━━━━━━━━━━━━━━━━━━━━━━━━━━━━ 8.8/8.8 MB 71.4 MB/s  0:00:00
Downloading contourpy-1.3.2-cp310-cp310-manylinux_2_17_x86_64.manylinux2014_x86_64.whl (325 kB)
Downloading cycler-0.12.1-py3-none-any.whl (8.3 kB)
Downloading fonttools-4.65.0-cp310-cp310-manylinux2014_x86_64.manylinux_2_17_x86_64.whl (5.3 MB)
   ━━━━━━━━━━━━━━━━━━━━━━━━━━━━━━━━━━━━━━━━ 5.3/5.3 MB 53.5 MB/s  0:00:00
Downloading kiwisolver-1.5.1-cp310-cp310-manylinux_2_12_x86_64.manylinux2010_x86_64.whl (1.6 MB)
   ━━━━━━━━━━━━━━━━━━━━━━━━━━━━━━━━━━━━━━━━ 1.6/1.6 MB 52.3 MB/s  0:00:00
Downloading omegaconf-2.3.1-py3-none-any.whl (79 kB)
Downloading opencv_python-5.0.0.93-cp37-abi3-manylinux_2_28_x86_64.whl (73.8 MB)
   ━━━━━━━━━━━━━━━━━━━━━━━━━━━━━━━━━━━━━━━━ 73.8/73.8 MB 60.6 MB/s  0:00:01
Downloading poselib-2.0.5-cp310-cp310-manylinux_2_27_x86_64.manylinux_2_28_x86_64.whl (1.3 MB)
   ━━━━━━━━━━━━━━━━━━━━━━━━━━━━━━━━━━━━━━━━ 1.3/1.3 MB 61.4 MB/s  0:00:00
Downloading propcache-0.5.2-cp310-cp310-manylinux2014_x86_64.manylinux_2_17_x86_64.manylinux_2_28_x86_64.whl (60 kB)
Downloading py3_wget-1.0.13-py3-none-any.whl (11 kB)
Downloading pyparsing-3.3.2-py3-none-any.whl (122 kB)
Downloading python_dateutil-2.9.0.post0-py2.py3-none-any.whl (229 kB)
Downloading roma-1.6.1-py3-none-any.whl (25 kB)
Downloading safetensors-0.8.0-cp310-abi3-manylinux_2_17_x86_64.manylinux2014_x86_64.whl (516 kB)
Downloading scikit_image-0.25.2-cp310-cp310-manylinux_2_17_x86_64.manylinux2014_x86_64.whl (14.8 MB)
   ━━━━━━━━━━━━━━━━━━━━━━━━━━━━━━━━━━━━━━━━ 14.8/14.8 MB 67.1 MB/s  0:00:00
Downloading lazy_loader-0.5-py3-none-any.whl (8.0 kB)
Downloading scikit_learn-1.7.2-cp310-cp310-manylinux2014_x86_64.manylinux_2_17_x86_64.whl (9.7 MB)
   ━━━━━━━━━━━━━━━━━━━━━━━━━━━━━━━━━━━━━━━━ 9.7/9.7 MB 68.8 MB/s  0:00:00
Downloading joblib-1.6.0-py3-none-any.whl (306 kB)
Downloading cloudpickle-3.1.2-py3-none-any.whl (22 kB)
Downloading scipy-1.15.3-cp310-cp310-manylinux_2_17_x86_64.manylinux2014_x86_64.whl (37.7 MB)
   ━━━━━━━━━━━━━━━━━━━━━━━━━━━━━━━━━━━━━━━━ 37.7/37.7 MB 70.9 MB/s  0:00:00
Downloading tensorboard-2.21.0-py3-none-any.whl (5.5 MB)
   ━━━━━━━━━━━━━━━━━━━━━━━━━━━━━━━━━━━━━━━━ 5.5/5.5 MB 73.0 MB/s  0:00:00
Downloading grpcio-1.83.1-cp310-cp310-manylinux2014_x86_64.manylinux_2_17_x86_64.whl (7.1 MB)
   ━━━━━━━━━━━━━━━━━━━━━━━━━━━━━━━━━━━━━━━━ 7.1/7.1 MB 74.1 MB/s  0:00:00
Downloading protobuf-7.36.1-cp310-abi3-manylinux2014_x86_64.whl (343 kB)
Downloading tensorboard_data_server-0.7.2-py3-none-manylinux_2_31_x86_64.whl (6.6 MB)
   ━━━━━━━━━━━━━━━━━━━━━━━━━━━━━━━━━━━━━━━━ 6.6/6.6 MB 72.6 MB/s  0:00:00
Downloading absl_py-2.5.0-py3-none-any.whl (137 kB)
Downloading markdown-3.10.3-py3-none-any.whl (110 kB)
Downloading threadpoolctl-3.6.0-py3-none-any.whl (18 kB)
Downloading timm-1.0.29-py3-none-any.whl (2.6 MB)
   ━━━━━━━━━━━━━━━━━━━━━━━━━━━━━━━━━━━━━━━━ 2.6/2.6 MB 74.0 MB/s  0:00:00
Downloading transforms3d-0.4.2-py3-none-any.whl (1.4 MB)
   ━━━━━━━━━━━━━━━━━━━━━━━━━━━━━━━━━━━━━━━━ 1.4/1.4 MB 77.6 MB/s  0:00:00
Downloading trimesh-5.1.0-py3-none-any.whl (750 kB)
   ━━━━━━━━━━━━━━━━━━━━━━━━━━━━━━━━━━━━━━━━ 750.0/750.0 kB 60.6 MB/s  0:00:00
Downloading werkzeug-3.1.8-py3-none-any.whl (226 kB)
Downloading yacs-0.1.8-py3-none-any.whl (14 kB)
Downloading anyio-4.15.1-py3-none-any.whl (132 kB)
Downloading exceptiongroup-1.3.1-py3-none-any.whl (16 kB)
Downloading beautifulsoup4-4.15.0-py3-none-any.whl (109 kB)
Downloading soupsieve-2.9.2-py3-none-any.whl (37 kB)
Downloading jaxtyping-0.3.7-py3-none-any.whl (56 kB)
Downloading wadler_lindig-0.1.7-py3-none-any.whl (20 kB)
Downloading minio-7.2.20-py3-none-any.whl (93 kB)
Downloading argon2_cffi-25.1.0-py3-none-any.whl (14 kB)
Downloading argon2_cffi_bindings-26.1.0-cp310-abi3-manylinux_2_26_x86_64.manylinux_2_28_x86_64.whl (26 kB)
Downloading cffi-2.1.1-cp310-cp310-manylinux2014_x86_64.manylinux_2_17_x86_64.whl (218 kB)
Downloading pycparser-3.0-py3-none-any.whl (48 kB)
Downloading pycryptodome-3.23.0-cp37-abi3-manylinux_2_17_x86_64.manylinux2014_x86_64.whl (2.3 MB)
   ━━━━━━━━━━━━━━━━━━━━━━━━━━━━━━━━━━━━━━━━ 2.3/2.3 MB 69.6 MB/s  0:00:00
Downloading pytorch_lightning-2.6.6-py3-none-any.whl (853 kB)
   ━━━━━━━━━━━━━━━━━━━━━━━━━━━━━━━━━━━━━━━━ 853.0/853.0 kB 64.4 MB/s  0:00:00
Downloading requests-2.34.2-py3-none-any.whl (73 kB)
Downloading charset_normalizer-3.5.1-cp310-cp310-manylinux2014_x86_64.manylinux_2_17_x86_64.manylinux_2_28_x86_64.whl (261 kB)
Downloading urllib3-2.7.0-py3-none-any.whl (131 kB)
Downloading PySocks-1.7.1-py3-none-any.whl (16 kB)
Downloading rerun_sdk-0.37.2-cp310-abi3-manylinux_2_28_x86_64.whl (164.1 MB)
   ━━━━━━━━━━━━━━━━━━━━━━━━━━━━━━━━━━━━━━━━ 164.1/164.1 MB 84.1 MB/s  0:00:01
Downloading psutil-7.2.2-cp36-abi3-manylinux2010_x86_64.manylinux_2_12_x86_64.manylinux_2_28_x86_64.whl (155 kB)
Downloading pyarrow-25.0.1-cp310-cp310-manylinux_2_28_x86_64.whl (50.1 MB)
   ━━━━━━━━━━━━━━━━━━━━━━━━━━━━━━━━━━━━━━━━ 50.1/50.1 MB 94.5 MB/s  0:00:00
Downloading torchaudio-2.11.0-cp310-cp310-manylinux_2_28_x86_64.whl (1.8 MB)
   ━━━━━━━━━━━━━━━━━━━━━━━━━━━━━━━━━━━━━━━━ 1.8/1.8 MB 95.5 MB/s  0:00:00
Building wheels for collected packages: antlr4-python3-runtime
  Building wheel for antlr4-python3-runtime (pyproject.toml): started
  Building wheel for antlr4-python3-runtime (pyproject.toml): finished with status 'done'
  Created wheel for antlr4-python3-runtime: filename=antlr4_python3_runtime-4.9.3-py3-none-any.whl size=144590 sha256=befbc5857416755ee38b5270071fbbaa2014cbcb87061a53ecff899af3368573
  Stored in directory: /tmp/pip-ephem-wheel-cache-kb2cg3c7/wheels/12/93/dd/1f6a127edc45659556564c5730f6d4e300888f4bca2d4c5a88
Successfully built antlr4-python3-runtime
Installing collected packages: torchaudio, antlr4-python3-runtime, werkzeug, wadler-lindig, urllib3, trimesh, transforms3d, threadpoolctl, tensorboard-data-server, soupsieve, scipy, safetensors, pyyaml, python-dateutil, PySocks, pyparsing, pycryptodome, pycparser, pyarrow, py3_wget, psutil, protobuf, propcache, poselib, opencv-python-headless, opencv-python, multidict, markdown, loguru, lightning-utilities, lazy-loader, kornia_rs, kiwisolver, imageio, hf-xet, h5py, h11, grpcio, frozenlist, fonttools, flow_vis, exceptiongroup, einops, cycler, contourpy, cloudpickle, click, charset_normalizer, attrs, async-timeout, aiohappyeyeballs, absl-py, yarl, yacs, tensorboard, scikit-image, rerun-sdk, requests, omegaconf, matplotlib, joblib, jaxtyping, httpcore, cffi, beautifulsoup4, anyio, aiosignal, scikit-learn, httpx, argon2-cffi-bindings, aiohttp, huggingface_hub, gdown, argon2-cffi, torchmetrics, roma, minio, kornia, e2cnn, dinov2, uniception, timm, pytorch-lightning, kornia_moons, lightning, vismatch

Successfully installed PySocks-1.7.1 absl-py-2.5.0 aiohappyeyeballs-2.7.1 aiohttp-3.14.3 aiosignal-1.4.0 antlr4-python3-runtime-4.9.3 anyio-4.15.1 argon2-cffi-25.1.0 argon2-cffi-bindings-26.1.0 async-timeout-5.0.1 attrs-26.1.0 beautifulsoup4-4.15.0 cffi-2.1.1 charset_normalizer-3.5.1 click-8.5.0 cloudpickle-3.1.2 contourpy-1.3.2 cycler-0.12.1 dinov2-0.0.1.dev0 e2cnn-0.2.3 einops-0.8.2 exceptiongroup-1.3.1 flow_vis-0.1 fonttools-4.65.0 frozenlist-1.8.0 gdown-6.2.0 grpcio-1.83.1 h11-0.16.0 h5py-3.16.0 hf-xet-1.6.0 httpcore-1.0.9 httpx-0.28.1 huggingface_hub-1.31.0 imageio-2.37.4 jaxtyping-0.3.7 joblib-1.6.0 kiwisolver-1.5.1 kornia-0.8.2 kornia_moons-0.3.0 kornia_rs-0.1.14 lazy-loader-0.5 lightning-2.6.6 lightning-utilities-0.15.3 loguru-0.7.3 markdown-3.10.3 matplotlib-3.10.9 minio-7.2.20 multidict-6.8.0 omegaconf-2.3.1 opencv-python-5.0.0.93 opencv-python-headless-5.0.0.93 poselib-2.0.5 propcache-0.5.2 protobuf-7.36.1 psutil-7.2.2 py3_wget-1.0.13 pyarrow-25.0.1 pycparser-3.0 pycryptodome-3.23.0 pyparsing-3.3.2 python-dateutil-2.9.0.post0 pytorch-lightning-2.6.6 pyyaml-6.0.3 requests-2.34.2 rerun-sdk-0.37.2 roma-1.6.1 safetensors-0.8.0 scikit-image-0.25.2 scikit-learn-1.7.2 scipy-1.15.3 soupsieve-2.9.2 tensorboard-2.21.0 tensorboard-data-server-0.7.2 threadpoolctl-3.6.0 timm-1.0.29 torchaudio-2.11.0 torchmetrics-1.9.0 transforms3d-0.4.2 trimesh-5.1.0 uniception-0.1.1 urllib3-2.7.0 vismatch-1.3.2 wadler-lindig-0.1.7 werkzeug-3.1.8 yacs-0.1.8 yarl-1.24.5
+ echo '=== verify (env site only) ==='
=== verify (env site only) ===
+ /home/avuhong/anaconda3/envs/vismatch/bin/python -c 'import torch; from vismatch import get_matcher; import dinov2; print('\''torch'\'', torch.__version__, '\''cuda'\'', torch.cuda.is_available(), '\''| vismatch+dinov2 OK'\'')'
Traceback (most recent call last):
  File "<string>", line 1, in <module>
ModuleNotFoundError: No module named 'dinov2'
+ echo INSTALL_DONE
INSTALL_DONE
