30 WT pairs | models=['dinov2', 'loftr', 'roma', 'superpoint-lightglue'] | device=cpu (requested cpu) | max_size=2048 | img_dir=/DATA/F2FMatcher_DDC/results/QUA/images_segmentation
  note: dinov2 capped at 1024px (eager-attention memory ceiling, see docstring)
  note: roma capped at 1024px (eager-attention memory ceiling, see docstring)
loading dinov2 on cpu ...
Using cache found in /home/avuhong/.cache/torch/hub/facebookresearch_dinov2_main
/home/avuhong/.cache/torch/hub/facebookresearch_dinov2_main/dinov2/layers/swiglu_ffn.py:51: UserWarning: xFormers is not available (SwiGLU)
  warnings.warn("xFormers is not available (SwiGLU)")
/home/avuhong/.cache/torch/hub/facebookresearch_dinov2_main/dinov2/layers/attention.py:33: UserWarning: xFormers is not available (Attention)
  warnings.warn("xFormers is not available (Attention)")
/home/avuhong/.cache/torch/hub/facebookresearch_dinov2_main/dinov2/layers/block.py:40: UserWarning: xFormers is not available (Block)
  warnings.warn("xFormers is not available (Block)")
  dinov2 ready
loading loftr on cpu ...
  loftr ready
loading roma on cpu ...
xFormers not available
xFormers not available
/home/avuhong/anaconda3/envs/vismatch/lib/python3.10/site-packages/torchvision/models/_utils.py:207: UserWarning: The parameter 'pretrained' is deprecated since 0.13 and may be removed in the future, please use 'weights' instead.
  warnings.warn(
/home/avuhong/anaconda3/envs/vismatch/lib/python3.10/site-packages/torchvision/models/_utils.py:222: UserWarning: Arguments other than a weight enum or `None` for 'weights' are deprecated since 0.13 and may be removed in the future. The current behavior is equivalent to passing `weights=None`.
  warnings.warn(msg)
Using coarse resolution (560, 560), and upsample res (864, 864)
  roma ready
loading superpoint-lightglue on cpu ...
  superpoint-lightglue ready
[ 1/30] dinov2                 SKIP (exists, 1137 assigned)
[ 1/30] loftr                  SKIP (exists, 196 assigned)
[ 1/30] roma                   SKIP (exists, 3675 assigned)
[ 1/30] superpoint-lightglue      14.2s  assigned=     0  kpts=0
[ 2/30] dinov2                 SKIP (exists, 916 assigned)
[ 2/30] loftr                     32.3s  assigned=  1390  kpts=2850
[ 2/30] roma                      38.2s  assigned=  2687  kpts=8192
[ 2/30] superpoint-lightglue      11.1s  assigned=   168  kpts=371
[ 3/30] dinov2                     5.4s  assigned=  1283  kpts=4526
[ 3/30] loftr                     31.7s  assigned=  1624  kpts=2535
[ 3/30] roma                      37.1s  assigned=  4252  kpts=8192
[ 3/30] superpoint-lightglue      13.9s  assigned=  2879  kpts=4215
[ 4/30] dinov2                     6.2s  assigned=  1081  kpts=4526
[ 4/30] loftr                     34.4s  assigned=   216  kpts=334
[ 4/30] roma                      41.0s  assigned=  2945  kpts=8192
[ 4/30] superpoint-lightglue      13.7s  assigned=     0  kpts=1
[ 5/30] dinov2                     6.6s  assigned=  1161  kpts=4526
[ 5/30] loftr                     34.4s  assigned=   212  kpts=303
[ 5/30] roma                      39.1s  assigned=  3447  kpts=8192
[ 5/30] superpoint-lightglue      16.1s  assigned=     0  kpts=0
[ 6/30] dinov2                     5.4s  assigned=  1067  kpts=4526
[ 6/30] loftr                     34.7s  assigned=   443  kpts=717
[ 6/30] roma                      38.1s  assigned=  1424  kpts=8192
[ 6/30] superpoint-lightglue      10.7s  assigned=     5  kpts=13
[ 7/30] dinov2                     7.3s  assigned=  1290  kpts=4672
[ 7/30] loftr                     33.5s  assigned=   186  kpts=244
[ 7/30] roma                      37.7s  assigned=  4306  kpts=8192
[ 7/30] superpoint-lightglue      14.5s  assigned=     4  kpts=9
[ 8/30] dinov2                     7.9s  assigned=  1082  kpts=4672
[ 8/30] loftr                     36.9s  assigned=  1001  kpts=1566
[ 8/30] roma                      38.8s  assigned=  3692  kpts=8192
[ 8/30] superpoint-lightglue      13.0s  assigned=   484  kpts=756
[ 9/30] dinov2                     6.4s  assigned=  1331  kpts=4672
[ 9/30] loftr                     34.7s  assigned=  6074  kpts=11540
[ 9/30] roma                      39.1s  assigned=  4768  kpts=8192
[ 9/30] superpoint-lightglue      14.3s  assigned=  2459  kpts=3711
[10/30] dinov2                     8.0s  assigned=  1256  kpts=4672
[10/30] loftr                     32.8s  assigned=   211  kpts=286
[10/30] roma                      41.9s  assigned=  4087  kpts=8192
[10/30] superpoint-lightglue      15.5s  assigned=     0  kpts=0
[11/30] dinov2                     7.7s  assigned=  1312  kpts=4672
[11/30] loftr                     38.7s  assigned=   239  kpts=335
[11/30] roma                      39.8s  assigned=  4567  kpts=8192
[11/30] superpoint-lightglue      16.6s  assigned=     0  kpts=1
[12/30] dinov2                     7.0s  assigned=  1279  kpts=4672
[12/30] loftr                     38.1s  assigned=  1587  kpts=2442
[12/30] roma                      38.9s  assigned=  4412  kpts=8192
[12/30] superpoint-lightglue      11.7s  assigned=    35  kpts=94
[13/30] dinov2                     6.6s  assigned=  1648  kpts=5329
[13/30] loftr                     36.5s  assigned=   196  kpts=254
[13/30] roma                      38.3s  assigned=  4435  kpts=8192
[13/30] superpoint-lightglue      14.8s  assigned=     2  kpts=12
[14/30] dinov2                     6.1s  assigned=  1595  kpts=5329
[14/30] loftr                     37.5s  assigned=  1268  kpts=1964
[14/30] roma                      40.2s  assigned=  4169  kpts=8192
[14/30] superpoint-lightglue      12.2s  assigned=  1306  kpts=2068
[15/30] dinov2                     6.8s  assigned=  1679  kpts=5329
[15/30] loftr                     40.1s  assigned=  5367  kpts=11580
[15/30] roma                      39.7s  assigned=  4725  kpts=8192
[15/30] superpoint-lightglue      17.4s  assigned=  3566  kpts=5123
[16/30] dinov2                     7.3s  assigned=  1658  kpts=5329
[16/30] loftr                     35.4s  assigned=   223  kpts=293
[16/30] roma                      37.6s  assigned=  4383  kpts=8192
[16/30] superpoint-lightglue      15.6s  assigned=     0  kpts=2
[17/30] dinov2                     7.8s  assigned=  1594  kpts=5329
[17/30] loftr                     35.6s  assigned=   184  kpts=254
[17/30] roma                      39.1s  assigned=  4464  kpts=8192
[17/30] superpoint-lightglue      17.5s  assigned=     0  kpts=1
[18/30] dinov2                     6.5s  assigned=  1596  kpts=5329
[18/30] loftr                     35.8s  assigned=  1248  kpts=1980
[18/30] roma                      36.2s  assigned=  3668  kpts=8192
[18/30] superpoint-lightglue      11.4s  assigned=  1182  kpts=1511
[19/30] dinov2                     6.7s  assigned=  1320  kpts=4526
[19/30] loftr                     35.6s  assigned=   220  kpts=291
[19/30] roma                      41.2s  assigned=  4089  kpts=8192
[19/30] superpoint-lightglue      14.0s  assigned=     8  kpts=18
[20/30] dinov2                     5.1s  assigned=  1226  kpts=4526
[20/30] loftr                     32.3s  assigned=  1563  kpts=2667
[20/30] roma                      35.7s  assigned=  3653  kpts=8192
[20/30] superpoint-lightglue      11.1s  assigned=  1022  kpts=1766
[21/30] dinov2                     5.2s  assigned=  1340  kpts=4526
[21/30] loftr                     36.7s  assigned=  2176  kpts=4630
[21/30] roma                      38.5s  assigned=  2362  kpts=8192
[21/30] superpoint-lightglue      12.2s  assigned=  1598  kpts=2412
[22/30] dinov2                     6.4s  assigned=  1410  kpts=4526
[22/30] loftr                     34.7s  assigned=   195  kpts=239
[22/30] roma                      39.8s  assigned=  4429  kpts=8192
[22/30] superpoint-lightglue      15.3s  assigned=    70  kpts=100
[23/30] dinov2                     6.4s  assigned=  1363  kpts=4526
[23/30] loftr                     34.6s  assigned=   176  kpts=221
[23/30] roma                      39.7s  assigned=  4425  kpts=8192
[23/30] superpoint-lightglue      15.9s  assigned=     1  kpts=4
[24/30] dinov2                     5.0s  assigned=  1366  kpts=4526
[24/30] loftr                     32.8s  assigned=  2274  kpts=3788
[24/30] roma                      36.6s  assigned=  4185  kpts=8192
[24/30] superpoint-lightglue      11.4s  assigned=   748  kpts=1024
[25/30] dinov2                     6.7s  assigned=  1497  kpts=4526
[25/30] loftr                     34.2s  assigned=   201  kpts=261
[25/30] roma                      38.0s  assigned=  4701  kpts=8192
[25/30] superpoint-lightglue      14.7s  assigned=   214  kpts=304
[26/30] dinov2                     5.2s  assigned=  1144  kpts=4526
[26/30] loftr                     33.8s  assigned=  1703  kpts=3441
[26/30] roma                      37.1s  assigned=  3271  kpts=8192
[26/30] superpoint-lightglue      15.1s  assigned=  1648  kpts=2473
[27/30] dinov2                     5.6s  assigned=  1554  kpts=4526
[27/30] loftr                     38.4s  assigned=  6029  kpts=11968
[27/30] roma                      35.9s  assigned=  4757  kpts=8192
[27/30] superpoint-lightglue      15.4s  assigned=  3348  kpts=4624
[28/30] dinov2                     6.7s  assigned=  1502  kpts=4526
[28/30] loftr                     37.5s  assigned=   260  kpts=370
[28/30] roma                      38.4s  assigned=  4714  kpts=8192
[28/30] superpoint-lightglue      18.1s  assigned=     0  kpts=0
[29/30] dinov2                     7.2s  assigned=  1488  kpts=4526
[29/30] loftr                     36.3s  assigned=   251  kpts=335
[29/30] roma                      41.1s  assigned=  4848  kpts=8192
[29/30] superpoint-lightglue      17.3s  assigned=     0  kpts=0
[30/30] dinov2                     5.6s  assigned=  1464  kpts=4526
[30/30] loftr                     33.6s  assigned=  1857  kpts=2888
[30/30] roma                      37.2s  assigned=  4574  kpts=8192
[30/30] superpoint-lightglue      13.4s  assigned=  1397  kpts=1847

saved assignments under /DATA/F2FMatcher_DDC/results/QUA/eval/wholeslide/<method>/ and runtime -> /DATA/F2FMatcher_DDC/results/QUA/eval/wholeslide/runtime.csv (116 run, 4 skipped)
                      seconds  n_assigned
method                                   
dinov2                    6.5      1354.6
loftr                    35.3      1292.3
roma                     38.8      4003.8
superpoint-lightglue     14.3       738.1
